*** Earth Engine *** Share your feedback by taking our Annual Developer Satisfaction Survey: https://google.qualtrics.com/jfe/form/SV_9oS0DRcPvElRMNw?source=python
ERA5: 2021-12-22 -> 2026-09-19 (last complete local day on Earth Engine), 58 months
  2022-02: 28 days
  2022-08: 31 days
  2022-06: 30 days
  2022-09: 30 days
  2022-07: 31 days
  2022-04: 30 days
  2022-12: 31 days
  2022-11: 30 days
  2021-12: 31 days
  2023-01: 31 days
  2023-02: 28 days
  2023-03: 31 days
  2023-05: 31 days
  2023-06: 30 days
  2022-05: 31 days
  2022-10: 31 days
  2023-07: 31 days
  2023-09: 30 days
  2023-08: 31 days
  2023-10: 31 days
  2023-04: 30 days
  2023-11: 30 days
  2024-01: 31 days
  2024-02: 29 days
  2024-07: 31 days
  2024-04: 30 days
  2024-05: 31 days
  2024-03: 31 days
  2024-06: 30 days
  2024-08: 31 days
  2022-03: 31 days
  2024-10: 31 days
  2023-12: 31 days
  2024-11: 30 days
  2022-01: 31 days
  2024-12: 31 days
  2025-01: 31 days
  2025-02: 28 days
  2025-04: 30 days
  2025-03: 31 days
  2025-05: 31 days
  2025-06: 30 days
  2025-07: 31 days
  2025-08: 31 days
  2024-09: 30 days
  2025-10: 31 days
  2025-09: 30 days
  2025-12: 31 days
  2026-01: 31 days
  2026-02: 28 days
  2026-04: 30 days
  2026-03: 31 days
  2026-07: 31 days
  2026-06: 30 days
  2026-09: 19 days
  2026-05: 31 days
  2026-08: 31 days
  2025-11: 30 days
Saved D:\AQI_USING_SENTINEL_DATA_FOR_KARACHI\data\processed\met\era5_daily.csv  (10524 rows)
               min     mean       max
t2m_mean     12.82    26.48     35.29
td_mean      -5.38    19.26     28.37
rh_mean      19.13    68.00     95.26
u10_mean     -9.35     2.75      9.41
v10_mean     -6.95     0.26      5.85
ws_mean       1.46     4.65     11.12
blh_mean    126.75   540.14   1295.55
vent_mean   214.79  2789.20  11978.23
sp_mean     976.00  1000.79   1018.32
t2m_max      17.52    30.87     43.21
blh_max     288.52  1082.37   3910.32
ws_max        2.38     6.34     13.67
t2m_min       5.93    22.95     30.95
rh_min        4.74    47.26     92.45
blh_min      10.86   271.36    899.50
vent_min      2.96  1197.55   7312.05
precip_sum   -0.00     0.72     67.06
n_hours      24.00    24.00     24.00
EXIT 0
